// Jest Snapshot v1, https://goo.gl/fbAQLP

exports[`Logo component Should match snapshot 1`] = `
<div>
  <p
    class="logo"
    data-testid="logo-testid"
  >
    PiggyBank
  </p>
</div>
`;
